mode: set
github.com/companieshouse/elasticsearch-data-loader/eshttp/eshttp.go:28.44,35.2 1 1
github.com/companieshouse/elasticsearch-data-loader/eshttp/eshttp.go:38.78,45.2 1 1
github.com/companieshouse/elasticsearch-data-loader/eshttp/eshttp.go:48.102,55.2 1 1
github.com/companieshouse/elasticsearch-data-loader/eshttp/eshttp.go:58.127,63.16 3 1
github.com/companieshouse/elasticsearch-data-loader/eshttp/eshttp.go:63.16,67.3 3 1
github.com/companieshouse/elasticsearch-data-loader/eshttp/eshttp.go:69.2,69.15 1 1
github.com/companieshouse/elasticsearch-data-loader/eshttp/eshttp.go:69.15,71.17 2 1
github.com/companieshouse/elasticsearch-data-loader/eshttp/eshttp.go:71.17,73.4 1 0
github.com/companieshouse/elasticsearch-data-loader/eshttp/eshttp.go:76.2,77.16 2 1
github.com/companieshouse/elasticsearch-data-loader/eshttp/eshttp.go:77.16,79.3 1 1
github.com/companieshouse/elasticsearch-data-loader/eshttp/eshttp.go:81.2,81.24 1 1
github.com/companieshouse/elasticsearch-data-loader/eshttp/eshttp.go:81.24,85.3 3 1
github.com/companieshouse/elasticsearch-data-loader/eshttp/eshttp.go:87.2,87.15 1 1
github.com/companieshouse/elasticsearch-data-loader/eshttp/eshttp.go:91.92,96.16 3 1
github.com/companieshouse/elasticsearch-data-loader/eshttp/eshttp.go:96.16,100.3 3 1
github.com/companieshouse/elasticsearch-data-loader/eshttp/eshttp.go:102.2,102.15 1 1
github.com/companieshouse/elasticsearch-data-loader/eshttp/eshttp.go:102.15,104.17 2 1
github.com/companieshouse/elasticsearch-data-loader/eshttp/eshttp.go:104.17,106.4 1 0
github.com/companieshouse/elasticsearch-data-loader/eshttp/eshttp.go:109.2,110.16 2 1
github.com/companieshouse/elasticsearch-data-loader/eshttp/eshttp.go:110.16,112.3 1 1
github.com/companieshouse/elasticsearch-data-loader/eshttp/eshttp.go:114.2,114.15 1 1
github.com/companieshouse/elasticsearch-data-loader/eshttp/mock_eshttp.go:25.57,29.2 3 0
github.com/companieshouse/elasticsearch-data-loader/eshttp/mock_eshttp.go:32.55,34.2 1 0
github.com/companieshouse/elasticsearch-data-loader/eshttp/mock_eshttp.go:37.92,43.2 5 0
github.com/companieshouse/elasticsearch-data-loader/eshttp/mock_eshttp.go:46.100,49.2 2 0
github.com/companieshouse/elasticsearch-data-loader/eshttp/mock_eshttp.go:52.113,58.2 5 0
github.com/companieshouse/elasticsearch-data-loader/eshttp/mock_eshttp.go:61.121,64.2 2 0
github.com/companieshouse/elasticsearch-data-loader/eshttp/mock_requester.go:22.63,26.2 3 1
github.com/companieshouse/elasticsearch-data-loader/eshttp/mock_requester.go:29.61,31.2 1 1
github.com/companieshouse/elasticsearch-data-loader/eshttp/mock_requester.go:34.80,40.2 5 1
github.com/companieshouse/elasticsearch-data-loader/eshttp/mock_requester.go:43.92,46.2 2 1
github.com/companieshouse/elasticsearch-data-loader/eshttp/request.go:34.31,37.19 2 1
github.com/companieshouse/elasticsearch-data-loader/eshttp/request.go:37.19,41.3 1 1
github.com/companieshouse/elasticsearch-data-loader/eshttp/request.go:43.2,43.32 1 1
github.com/companieshouse/elasticsearch-data-loader/eshttp/request.go:47.39,51.2 1 1
github.com/companieshouse/elasticsearch-data-loader/eshttp/request.go:54.40,57.16 3 1
github.com/companieshouse/elasticsearch-data-loader/eshttp/request.go:57.16,60.3 2 0
github.com/companieshouse/elasticsearch-data-loader/eshttp/request.go:62.2,63.16 2 1
github.com/companieshouse/elasticsearch-data-loader/eshttp/request.go:63.16,66.3 2 0
github.com/companieshouse/elasticsearch-data-loader/eshttp/request.go:70.2,73.16 2 1
github.com/companieshouse/elasticsearch-data-loader/eshttp/request.go:73.16,76.3 2 0
github.com/companieshouse/elasticsearch-data-loader/eshttp/request.go:78.2,79.39 2 1
github.com/companieshouse/elasticsearch-data-loader/eshttp/request.go:83.83,85.2 1 1
github.com/companieshouse/elasticsearch-data-loader/eshttp/request.go:88.81,89.23 1 1
github.com/companieshouse/elasticsearch-data-loader/eshttp/request.go:89.23,91.3 1 1
github.com/companieshouse/elasticsearch-data-loader/eshttp/request.go:93.2,94.16 2 1
github.com/companieshouse/elasticsearch-data-loader/eshttp/request.go:94.16,96.3 1 1
github.com/companieshouse/elasticsearch-data-loader/eshttp/request.go:98.2,102.22 3 1
github.com/companieshouse/elasticsearch-data-loader/eshttp/request.go:102.22,104.3 1 1
github.com/companieshouse/elasticsearch-data-loader/eshttp/request.go:106.2,106.35 1 1
